---
source: tui/src/plan_progress_tests.rs
assertion_line: 270
expression: "[80, 46, 36, 30,\n22].into_iter().map(|width|\nsnapshot(&progress, width)).collect::<Vec<_>>().join(\"\\n\\n\")"
---
• Task List  1/3                                                                
  └ ✔ A01 Inspect                                     0:25  ━━━━━━━━━━      1:00
    □ A02 验证é执行路径                               0:01  ━─────────      1:00
    □ A03 Test                                        0:00  ──────────  10000:00
                                                                                
    A01           A02             A03                                           
    ━━━━━━━━━━━━━━┿───────────────┼─────────────────────────────────────────────

• Task List  1/3                              
  └ ✔ A01 Inspect              0:25 →     1:00
    □ A02 验证é执行路径        0:01 →     1:00
    □ A03 Test                 0:00 → 10000:00
                                              
    A01     A02      A03                      
    ━━━━━━━━┿────────┼────────────────────────

• Task List  1/3                    
  └ ✔ A01 Inspect               1:00
    □ A02 验证é执行路径         1:00
    □ A03 Test              10000:00
                                    
    A01    A02    A03               
    ━━━━━━━┿──────┼─────────────────

• Task List  1/3              
  └ ✔ A01 Inspect             
    □ A02 验证é执行路径       
    □ A03 Test                
                              
    A01   A02   A03           
    ━━━━━━┿─────┼─────────────

• Task List  1/3      
  └ ✔ A01 Inspect     
    □ A02 验证é执行路…
    □ A03 Test        
                      
    A01 A02  A03      
    ━━━━┿────┼────────
